==================================================================================
Q2 v2 — beam x sensitivity, k-matched ladders, r < 1.0 theta_500
==================================================================================
NFW benchmark: M_500 = 1.000e+15 Msun at z_l = 0.5, z_s = 2.0
  -> R_500 = 1.293 Mpc, theta_500 = 3.425', M_vir = 1.7945e+15 Msun, c_vir = 3.503
  aperture r = 3.425', N = 200 clusters, k = u/Sigma_tot = 1.5, 2.0, 2.5, 3.0, 3.5, 4.0, 5.0, 6.0;  optimum taken over k >= 2.5
----------------------------------------------------------------------------------
X — analytic $\Delta\xi(u)$ of the benchmark lens
----------------------------------------------------------------------------------
 r/th500      model    <mu>      14.5      19.3      24.1      28.9      33.7      38.5      48.2      57.8
    1.00  Schechter   1.657   0.01820   0.00959   0.00094  -0.00779  -0.01594  -0.02253  -0.02707  -0.00723
    1.00        SPL   1.657  -0.09815  -0.11383  -0.11490  -0.09321  -0.04961   0.00112   0.06302   0.02280
    1.00        DPL   1.657  -0.00446  -0.01849  -0.02869  -0.03349  -0.03234  -0.02630  -0.00300  -0.00252
  wrote /sessions/keen-loving-shannon/mnt/GPD_Lensing_Cluster_Mass/Simulations/figures/q2_factorial_v2/q2_factorial_v2_lensed_theory.png
==================================================================================
X — LENSED Monte Carlo: 200 copies of the benchmark, 128^2 cutouts at 8.0" (17.1' across), model = Schechter
==================================================================================
  600 cutouts built [5s]

 r/th500  pk/cl lens  pk/cl ctrl  yield est
    1.00       46.99       47.27      46.28

  aperture r < 1.0 theta_500 = 3.425'
            u   n_exc   xi_ctrl   xi_lens     Dxi_MC       +-   Dxi_NULL       +-
         14.5    4379    0.0037    0.0204   +0.01675  0.02014   -0.00549  0.02099
         19.3    3084    0.0110    0.0344   +0.02336  0.02466   -0.00898  0.02608
         24.1    2169    0.0415    0.0512   +0.00969  0.02992   -0.01871  0.03432
         28.9    1537    0.0376    0.0848   +0.04718  0.03878   -0.01451  0.04119
         33.7    1049    0.0435    0.0713   +0.02779  0.04925   -0.05781  0.05475
         38.5     719   -0.0062    0.0224   +0.02853  0.05902   -0.04817  0.05757
         48.2     358   -0.0426   -0.0492   -0.00665  0.09959   +0.09471  0.10495
         57.8     208   -0.2016   -0.0273   +0.17431  0.13422       +nan      nan
    NULL check |Dxi|/sigma: max 1.06  PASS
----------------------------------------------------------------------------------
X — analytic $\Delta\xi(u)$ of the benchmark lens
----------------------------------------------------------------------------------
 r/th500      model    <mu>      12.8      17.1      21.4      25.7      30.0      34.2      42.8      51.3
    1.00  Schechter   1.657   0.01629   0.00986   0.00293  -0.00443  -0.01178  -0.01855  -0.02670  -0.01016
    1.00        SPL   1.657  -0.11066  -0.12330  -0.12216  -0.10183  -0.06339  -0.01683   0.05580   0.04105
    1.00        DPL   1.657  -0.00817  -0.01911  -0.02733  -0.03179  -0.03203  -0.02853  -0.01369  -0.00263
  wrote /sessions/keen-loving-shannon/mnt/GPD_Lensing_Cluster_Mass/Simulations/figures/q2_factorial_v2/q2_factorial_v2_lensed_theory.png
==================================================================================
X — LENSED Monte Carlo: 200 copies of the benchmark, 128^2 cutouts at 8.0" (17.1' across), model = Schechter
==================================================================================
  600 cutouts built [6s]

 r/th500  pk/cl lens  pk/cl ctrl  yield est
    1.00       46.94       47.15      46.28

  aperture r < 1.0 theta_500 = 3.425'
            u   n_exc   xi_ctrl   xi_lens     Dxi_MC       +-   Dxi_NULL       +-
         12.8    4483   -0.0031    0.0207   +0.02379  0.01829   +0.00332  0.02025
         17.1    3307    0.0291    0.0346   +0.00551  0.02445   -0.02668  0.02560
         21.4    2434    0.0301    0.0498   +0.01972  0.02964   -0.03077  0.03064
         25.7    1762    0.0394    0.0510   +0.01161  0.03415   -0.02414  0.03786
         30.0    1297    0.0404    0.0747   +0.03422  0.04777   -0.04006  0.04805
         34.2     928   -0.0340    0.0554   +0.08936  0.04887   +0.02008  0.05259
         42.8     484   -0.0404   -0.0262   +0.01419  0.07268   -0.00176  0.07330
         51.3     272   -0.1049   -0.0779   +0.02702  0.11674   +0.05949  0.11846
    NULL check |Dxi|/sigma: max 1.04  PASS
----------------------------------------------------------------------------------
X — analytic $\Delta\xi(u)$ of the benchmark lens
----------------------------------------------------------------------------------
 r/th500      model    <mu>      10.8      14.4      18.0      21.6      25.2      28.8      36.0      43.2
    1.00  Schechter   1.657   0.04004   0.02643   0.01590   0.00730  -0.00127  -0.01009  -0.02648  -0.02976
    1.00        SPL   1.657  -0.07060  -0.09774  -0.11084  -0.09234  -0.04300   0.00981   0.05737   0.02836
    1.00        DPL   1.657   0.02301  -0.00141  -0.01911  -0.02929  -0.03349  -0.03337  -0.02605  -0.00225
  wrote /sessions/keen-loving-shannon/mnt/GPD_Lensing_Cluster_Mass/Simulations/figures/q2_factorial_v2/q2_factorial_v2_lensed_theory.png
==================================================================================
X — LENSED Monte Carlo: 200 copies of the benchmark, 192^2 cutouts at 3.0" (9.6' across), model = Schechter
==================================================================================
  600 cutouts built [11s]

 r/th500  pk/cl lens  pk/cl ctrl  yield est
    1.00      126.61      126.73     130.11

  aperture r < 1.0 theta_500 = 3.425'
            u   n_exc   xi_ctrl   xi_lens     Dxi_MC       +-   Dxi_NULL       +-
         10.8   10732    0.1019    0.1612   +0.05931  0.01434   -0.00691  0.01444
         14.4    6845    0.1226    0.1755   +0.05289  0.01918   +0.00497  0.02216
         18.0    4417    0.1236    0.1653   +0.04174  0.02374   +0.01348  0.02638
         21.6    2955    0.1027    0.1464   +0.04364  0.02980   +0.00542  0.03010
         25.2    2040    0.0871    0.1292   +0.04217  0.03337   +0.00363  0.03908
         28.8    1425    0.0600    0.0788   +0.01886  0.03768   +0.01994  0.04376
         36.0     785    0.0652    0.0602   -0.00497  0.05921   +0.01354  0.07397
         43.2     432   -0.0299   -0.0929   -0.06304  0.07533   +0.06060  0.08763
    NULL check |Dxi|/sigma: max 0.69  PASS
----------------------------------------------------------------------------------
X — analytic $\Delta\xi(u)$ of the benchmark lens
----------------------------------------------------------------------------------
 r/th500      model    <mu>       8.5      11.4      14.2      17.0      19.9      22.7      28.4      34.1
    1.00  Schechter   1.657   0.03012   0.02518   0.02035   0.01483   0.00868   0.00201  -0.01191  -0.02509
    1.00        SPL   1.657  -0.09860  -0.11687  -0.11986  -0.10147  -0.06396  -0.02003   0.04216   0.05948
    1.00        DPL   1.657   0.00710  -0.00510  -0.01473  -0.02206  -0.02688  -0.02935  -0.02875  -0.02386
  wrote /sessions/keen-loving-shannon/mnt/GPD_Lensing_Cluster_Mass/Simulations/figures/q2_factorial_v2/q2_factorial_v2_lensed_theory.png
==================================================================================
X — LENSED Monte Carlo: 200 copies of the benchmark, 192^2 cutouts at 3.0" (9.6' across), model = Schechter
==================================================================================
  600 cutouts built [11s]

 r/th500  pk/cl lens  pk/cl ctrl  yield est
    1.00      124.67      124.54     130.11

  aperture r < 1.0 theta_500 = 3.425'
            u   n_exc   xi_ctrl   xi_lens     Dxi_MC       +-   Dxi_NULL       +-
          8.5   10342    0.1068    0.1511   +0.04433  0.01564   +0.00068  0.01590
         11.4    7392    0.1088    0.1573   +0.04850  0.01887   -0.00199  0.02109
         14.2    5310    0.0927    0.1421   +0.04943  0.01953   +0.01057  0.02321
         17.0    3918    0.0929    0.1350   +0.04207  0.02494   -0.00004  0.02809
         19.9    2958    0.0764    0.1411   +0.06469  0.02989   +0.01429  0.03072
         22.7    2214    0.0783    0.1206   +0.04231  0.03309   -0.00263  0.03803
         28.4    1316    0.0642    0.0661   +0.00181  0.04128   +0.00532  0.04486
         34.1     833    0.0856    0.0419   -0.04366  0.05438   -0.02369  0.06543
    NULL check |Dxi|/sigma: max 0.47  PASS
==================================================================================
SUMMARY
==================================================================================
                              corner   sig_c   sig_N  Sig_tot   pk/cl   u@opt   Dxi@opt    sig_1    N(3sig)
  HH  Herschel beam / Herschel noise    7.98    5.40     9.63    46.3    38.5   -0.0225   0.8346  1.235e+04
      HC  Herschel beam / CCAT noise    7.98    3.10     8.56    46.3    34.2   -0.0185   0.6911  1.250e+04
  CH  CCAT beam     / Herschel noise    4.76    5.40     7.20   130.1    18.0   +0.0159   0.3357  4.011e+03
      CC  CCAT beam     / CCAT noise    4.76    3.10     5.68   130.1    14.2   +0.0204   0.2762  1.658e+03

  Factorial decomposition, N(3sigma) ratios:
    TOTAL Herschel -> CCAT      N(HH)/N(CC) =    7.45
    beam,  at Herschel noise    N(HH)/N(CH) =    3.08
    beam,  at CCAT noise        N(HC)/N(CC) =    7.54
    noise, at Herschel beam     N(HH)/N(HC) =    0.99
    noise, at CCAT beam         N(CH)/N(CC) =    2.42

  Reference scalings: beam solid angle (25.15/15)^2 = 2.81 (peaks per cluster);
  sigma_c ratio 25.15/15 = 1.677 (sigma_c is exactly linear in FWHM at fixed counts).

  wrote /sessions/keen-loving-shannon/mnt/GPD_Lensing_Cluster_Mass/Simulations/results/q2_factorial_v2.npz
